// Jest Snapshot v1, https://goo.gl/fbAQLP

exports[`<SmallAlert/> should render correctly 1`] = `
<div
  class="flex p-2 w-full rounded-sm
        bg-gray-300 dark:bg-gray-600 text-gray-700 dark:text-gray-100 undefined
      "
>
  <p
    class="w-full"
  >
    testing
  </p>
  <button
    title="close"
    type="button"
  >
    <svg
      class="h-4 w-4 "
      fill="none"
      stroke="currentColor"
      viewBox="0 0 24 24"
      xmlns="http://www.w3.org/2000/svg"
    >
      <path
        d="M6 18L18 6M6 6l12 12"
        stroke-linecap="round"
        stroke-linejoin="round"
        stroke-width="2"
      />
    </svg>
  </button>
</div>
`;
